┌ File Navigator ──────────┐┌ Code Inspector ──────────────────────────────────┐
│▼ src                     ││   1 use std::io;                                 │
│  A lib.rs                ││   2                                              │
│  M main.rs               ││   3 fn main() {                                  │
│M Cargo.toml              ││   4     println!("Hello, world!");               │
│                          ││   5 }                                            │
│                          ││                                                  │
│                          ││                                                  │
│                          ││                                                  │
│                          ││                                                  │
│                          ││                                                  │
│                          ││                                                  │
└──────────────────────────┘│                                                  │
┌ Commit History ──────────┐│                                                  │
│>> a1b2c3d 2 hours ago Joh││                                                  │
│   More commits available ││                                                  │
│                          ││                                                  │
│                          ││                                                  │
│                          ││                                                  │
│                          ││                                                  │
│                          ││                                                  │
│                          ││                                                  │
│                          ││                                                  │
│                          ││                                                  │
Ready | Tab: Switch panel | 1/2/3: Direct panel focus | []: Older/Younger commit
