┌ File Navigator ──────────┐┌ Code Inspector - main.rs @ b2c3d4e5 ─────────────┐
│▼ src                     ││   1 use std::io;                                 │
│  A lib.rs                ││   2                                              │
│  M main.rs               ││   3 fn main() {                                  │
│M Cargo.toml              ││   4     println!("Hello, world!");               │
│                          ││   5 }                                            │
│                          ││                                                  │
│                          ││                                                  │
│                          ││                                                  │
│                          ││                                                  │
│                          ││                                                  │
│                          ││                                                  │
└──────────────────────────┘│                                                  │
┌ Commit History (main.rs) ┐│                                                  │
│   a1b2c3d 2 hours ago Joh││                                                  │
│>> b2c3d4e 1 day ago Jane ││                                                  │
│   More commits available ││                                                  │
│                          ││                                                  │
│                          ││                                                  │
│                          ││                                                  │
│                          ││                                                  │
│                          ││                                                  │
│                          ││                                                  │
│                          ││                                                  │
Ready | Tab: Switch panel | 1/2/3: Direct panel focus | []: Older/Younger commit
