┌ File Navigator (Search: c┐┌ Code Inspector ──────────────────────────────────┐
│M config.toml             ││Select a file to view its content                 │
│▶ src                     ││                                                  │
│                          ││                                                  │
│                          ││                                                  │
│                          ││                                                  │
│                          ││                                                  │
│                          ││                                                  │
│                          ││                                                  │
│                          ││                                                  │
│                          ││                                                  │
│                          ││                                                  │
└──────────────────────────┘│                                                  │
┌ Commit History ──────────┐│                                                  │
│Select a file to view its ││                                                  │
│                          ││                                                  │
│                          ││                                                  │
│                          ││                                                  │
│                          ││                                                  │
│                          ││                                                  │
│                          ││                                                  │
│                          ││                                                  │
│                          ││                                                  │
│                          ││                                                  │
Search: config | Tab: Switch panel | 1/2/3: Direct panel focus | /: Search | ↑↓:
